// Jest Snapshot v1, https://goo.gl/fbAQLP

exports[`renders correctly 1`] = `
<div>
  <h2>
    Top sale:
  </h2>
  <HotProducts
    items={
      Array [
        1,
        2,
        3,
      ]
    }
  />
  <h2>
    Featured
  </h2>
  <FeaturedProducts
    items={
      Array [
        1,
        2,
        3,
      ]
    }
  />
  <h2>
    Best discounts:
  </h2>
  <DiscountedProducts
    items={
      Array [
        1,
        2,
        3,
      ]
    }
  />
</div>
`;
