// Jest Snapshot v1, https://goo.gl/fbAQLP

exports[`renders correctly 1`] = `
<div
  className="delivery-options"
>
  <div
    className="delivery-options__item"
  >
    <span
      className="delivery-options__icon"
    />
    Pickup at nearest shop — free
  </div>
  <div
    className="delivery-options__item"
  >
    <span
      className="delivery-options__icon"
    />
    Courier delivery — free
  </div>
</div>
`;
