// Jest Snapshot v1, https://goo.gl/fbAQLP

exports[`renders correctly 1`] = `
<div>
  <div>
    <div>
      Product series:
    </div>
    <div>
      <input
        name=""
        type="checkbox"
        value=""
      />
       iPhone X
      <br />
      <input
        name=""
        type="checkbox"
        value=""
      />
       iPhone 8
      <br />
      <input
        name=""
        type="checkbox"
        value=""
      />
       iPhone 7
      <br />
      <input
        name=""
        type="checkbox"
        value=""
      />
       iPhone 6
      <br />
    </div>
  </div>
  <div>
    <div>
      Color:
    </div>
    <div>
      <input
        name=""
        type="checkbox"
        value=""
      />
       Gray space
      <br />
      <input
        name=""
        type="checkbox"
        value=""
      />
       Black
      <br />
      <input
        name=""
        type="checkbox"
        value=""
      />
       Gold
      <br />
      <input
        name=""
        type="checkbox"
        value=""
      />
       Gold rose
    </div>
  </div>
  <div>
    <div>
      Price range:
    </div>
    <div>
      From 0 to $1000
    </div>
  </div>
  <div>
    <div>
      Screen size:
    </div>
    <div>
      <input
        name=""
        type="checkbox"
        value=""
      />
       4'
      <br />
      <input
        name=""
        type="checkbox"
        value=""
      />
       5'
      <br />
      <input
        name=""
        type="checkbox"
        value=""
      />
       6'
    </div>
  </div>
  <div>
    <div>
      Memory size:
    </div>
    <div>
      <input
        name=""
        type="checkbox"
        value=""
      />
       16 Gb
      <br />
      <input
        name=""
        type="checkbox"
        value=""
      />
       32 Gb
      <br />
      <input
        name=""
        type="checkbox"
        value=""
      />
       64 Gb
      <br />
      <input
        name=""
        type="checkbox"
        value=""
      />
       128 Gb
      <br />
      <input
        name=""
        type="checkbox"
        value=""
      />
       256 Gb
    </div>
  </div>
  <div>
    <div>
      Release year:
    </div>
    <div>
      <div>
        <input
          name=""
          type="checkbox"
          value=""
        />
         2012
        <br />
        <input
          name=""
          type="checkbox"
          value=""
        />
         2011
        <br />
        <input
          name=""
          type="checkbox"
          value=""
        />
         2010
        <br />
        <input
          name=""
          type="checkbox"
          value=""
        />
         2009
        <br />
        <input
          name=""
          type="checkbox"
          value=""
        />
         2008
      </div>
      <a
        href="#"
      >
        more
      </a>
    </div>
  </div>
</div>
`;
