// Jest Snapshot v1, https://goo.gl/fbAQLP

exports[`renders correctly 1`] = `
<div
  className="product-list"
>
  <CatalogElementListItem
    id={1}
    image="iphone8_red.webp"
    key="1"
    price="39990"
    title="Apple iPhone 8 32 ГБ (PRODUCT)RED"
  />
  <CatalogElementListItem
    id={2}
    image="iphone8_red.webp"
    key="2"
    price="49990"
    title="Apple iPhone 8 64 ГБ (PRODUCT)RED"
  />
  <CatalogElementListItem
    id={3}
    image="iphone8_red.webp"
    key="3"
    price="59990"
    title="Apple iPhone 8 256 ГБ (PRODUCT)RED"
  />
</div>
`;
