// Jest Snapshot v1, https://goo.gl/fbAQLP

exports[`renders correctly 1`] = `
<div
  className="color-picker"
>
  <button
    className="color-picker__item color-picker__item_selected"
    type="button"
  >
    <span
      className="color-picker__color color-picker__color_gray"
    />
    <span
      className="color-picker__label"
    >
      Gray space
    </span>
    <input
      className="color-picker__input"
      name=""
      type="checkbox"
    />
  </button>
  <button
    className="color-picker__item"
    type="button"
  >
    <span
      className="color-picker__color"
    />
    <span
      className="color-picker__label"
    >
      Black onyx
    </span>
    <input
      className="color-picker__input"
      name=""
      type="checkbox"
    />
  </button>
</div>
`;
