// Jest Snapshot v1, https://goo.gl/fbAQLP

exports[`renders correctly 1`] = `
<div>
  <div
    className="catalog-detail"
  >
    <div
      className="catalog-detail__content"
    >
      <div
        className="catalog-detail__gallery"
      >
        <ProductGallery />
      </div>
      <div
        className="catalog-detail__info"
      >
        <h1 />
        <p>
          Some description
        </p>
        <div>
          <p>
            Choose options:
          </p>
          <div
            className="catalog-detail__opt-section"
          >
            <ColorPicker />
          </div>
          <div
            className="catalog-detail__opt-section"
          >
            <SizePicker />
          </div>
        </div>
        <div
          className="catalog-detail__opt-section"
        >
          <ProductPrice />
        </div>
        <div
          className="catalog-detail__opt-section"
        >
          <ProductDetailControls />
        </div>
        <div
          className="catalog-detail__opt-section"
        >
          <DeliveryOptions />
        </div>
      </div>
    </div>
    <div
      className="catalog-detail__additional"
    >
      <Tabs>
        <Tab
          label="Description"
        >
          Description
        </Tab>
        <Tab
          label="Characteristics"
        >
          Characteristics
        </Tab>
      </Tabs>
    </div>
    <FeaturedProducts />
  </div>
</div>
`;
