// Jest Snapshot v1, https://goo.gl/fbAQLP

exports[`renders correctly 1`] = `
<Provider
  store={
    Object {
      "clearActions": [Function],
      "dispatch": [Function],
      "getActions": [Function],
      "getState": [Function],
      "replaceReducer": [Function],
      "subscribe": [Function],
    }
  }
>
  <Connect(CatalogFilter)>
    <CatalogFilter
      fetchFiltersByCategory={[Function]}
      filters={
        Object {
          "type": Object {
            "field_type": "checkbox",
            "name": "type",
            "title": "Type",
            "variants": Array [
              "iPad 3",
              "iPad 4",
              "iPad 5",
              "iPad 6",
            ],
          },
        }
      }
      passFilters={[Function]}
    >
      <div>
        <div
          className="catalog-filter__section"
          key="type"
        >
          <div>
            Type
            :
          </div>
          <div>
            <div
              key="iPad 3"
            >
              <input
                className="products-filter-property"
                name="type"
                onChange={[Function]}
                type="checkbox"
                value="iPad 3"
              />
              iPad 3
            </div>
            <div
              key="iPad 4"
            >
              <input
                className="products-filter-property"
                name="type"
                onChange={[Function]}
                type="checkbox"
                value="iPad 4"
              />
              iPad 4
            </div>
            <div
              key="iPad 5"
            >
              <input
                className="products-filter-property"
                name="type"
                onChange={[Function]}
                type="checkbox"
                value="iPad 5"
              />
              iPad 5
            </div>
            <div
              key="iPad 6"
            >
              <input
                className="products-filter-property"
                name="type"
                onChange={[Function]}
                type="checkbox"
                value="iPad 6"
              />
              iPad 6
            </div>
          </div>
        </div>
      </div>
    </CatalogFilter>
  </Connect(CatalogFilter)>
</Provider>
`;
