// Jest Snapshot v1, https://goo.gl/fbAQLP

exports[`renders correctly 1`] = `
<div>
  <h1>
    test
  </h1>
  <div
    className="catalog-category-wrapper"
  >
    <div
      className="catalog-category__aside"
    >
      <CatalogFilter />
    </div>
    <div
      className="catalog-category__content"
    >
      <CatalogSort />
      <CatalogElementList
        items={Array []}
      />
    </div>
  </div>
</div>
`;
